[technext.github.io/deskapp2/index.html]
[backblue.gif]
[fade.gif]
[index.html]
[technext.github.io/deskapp2/vendors/images/apple-touch-icon.png]
[technext.github.io/deskapp2/vendors/images/favicon-32x32.png]
[technext.github.io/deskapp2/vendors/images/favicon-16x16.png]
[technext.github.io/deskapp2/vendors/styles/core.css]
[technext.github.io/deskapp2/vendors/styles/icon-font.min.css]
[technext.github.io/deskapp2/src/plugins/datatables/css/dataTables.bootstrap4.min.css]
[technext.github.io/deskapp2/src/plugins/datatables/css/responsive.bootstrap4.min.css]
[technext.github.io/deskapp2/vendors/styles/style.css]
[technext.github.io/deskapp2/vendors/images/deskapp-logo.svg]
[technext.github.io/deskapp2/vendors/images/img.jpg]
[technext.github.io/deskapp2/vendors/images/photo1.jpg]
[technext.github.io/deskapp2/vendors/images/photo2.jpg]
[technext.github.io/deskapp2/vendors/images/photo3.jpg]
[technext.github.io/deskapp2/vendors/images/photo4.jpg]
[technext.github.io/deskapp2/profile.html]
[technext.github.io/deskapp2/faq.html]
[technext.github.io/deskapp2/login.html]
[technext.github.io/deskapp2/vendors/images/github.svg]
[technext.github.io/deskapp2/vendors/images/deskapp-logo-white.svg]
[technext.github.io/deskapp2/index2.html]
[technext.github.io/deskapp2/form-basic.html]
[technext.github.io/deskapp2/advanced-components.html]
[technext.github.io/deskapp2/form-wizard.html]
[technext.github.io/deskapp2/html5-editor.html]
[technext.github.io/deskapp2/form-pickers.html]
[technext.github.io/deskapp2/image-cropper.html]
[technext.github.io/deskapp2/image-dropzone.html]
[technext.github.io/deskapp2/basic-table.html]
[technext.github.io/deskapp2/datatable.html]
[technext.github.io/deskapp2/calendar.html]
[technext.github.io/deskapp2/ui-buttons.html]
[technext.github.io/deskapp2/ui-cards.html]
[technext.github.io/deskapp2/ui-cards-hover.html]
[technext.github.io/deskapp2/ui-modals.html]
[technext.github.io/deskapp2/ui-tabs.html]
[technext.github.io/deskapp2/ui-tooltip-popover.html]
[technext.github.io/deskapp2/ui-sweet-alert.html]
[technext.github.io/deskapp2/ui-notification.html]
[technext.github.io/deskapp2/ui-timeline.html]
[technext.github.io/deskapp2/ui-progressbar.html]
[technext.github.io/deskapp2/ui-typography.html]
[technext.github.io/deskapp2/ui-list-group.html]
[technext.github.io/deskapp2/ui-range-slider.html]
[technext.github.io/deskapp2/ui-carousel.html]
[technext.github.io/deskapp2/font-awesome.html]
[technext.github.io/deskapp2/foundation.html]
[technext.github.io/deskapp2/ionicons.html]
[technext.github.io/deskapp2/themify.html]
[technext.github.io/deskapp2/custom-icon.html]
[technext.github.io/deskapp2/highchart.html]
[technext.github.io/deskapp2/knob-chart.html]
[technext.github.io/deskapp2/jvectormap.html]
[technext.github.io/deskapp2/apexcharts.html]
[technext.github.io/deskapp2/video-player.html]
[technext.github.io/deskapp2/forgot-password.html]
[technext.github.io/deskapp2/reset-password.html]
[technext.github.io/deskapp2/400.html]
[technext.github.io/deskapp2/403.html]
[technext.github.io/deskapp2/404.html]
[technext.github.io/deskapp2/500.html]
[technext.github.io/deskapp2/503.html]
[technext.github.io/deskapp2/blank.html]
[technext.github.io/deskapp2/contact-directory.html]
[technext.github.io/deskapp2/blog.html]
[technext.github.io/deskapp2/blog-detail.html]
[technext.github.io/deskapp2/product.html]
[technext.github.io/deskapp2/product-detail.html]
[technext.github.io/deskapp2/gallery.html]
[technext.github.io/deskapp2/pricing-table.html]
[technext.github.io/deskapp2/sitemap.html]
[technext.github.io/deskapp2/chat.html]
[technext.github.io/deskapp2/invoice.html]
[technext.github.io/deskapp2/introduction.html]
[technext.github.io/deskapp2/getting-started.html]
[technext.github.io/deskapp2/color-settings.html]
[technext.github.io/deskapp2/third-party-plugins.html]
[technext.github.io/deskapp2/vendors/images/coming-soon.png]
[technext.github.io/deskapp2/vendors/images/banner-img.png]
[technext.github.io/deskapp2/vendors/images/product-1.jpg]
[technext.github.io/deskapp2/vendors/images/product-2.jpg]
[technext.github.io/deskapp2/vendors/images/product-3.jpg]
[technext.github.io/deskapp2/vendors/images/product-4.jpg]
[technext.github.io/deskapp2/vendors/images/product-5.jpg]
[technext.github.io/deskapp2/vendors/scripts/script.min.js]
[technext.github.io/deskapp2/vendors/scripts/process.js]
[technext.github.io/deskapp2/vendors/scripts/layout-settings.js]
[technext.github.io/deskapp2/src/plugins/apexcharts/apexcharts.min.js]
[technext.github.io/deskapp2/src/plugins/datatables/js/jquery.dataTables.min.js]
[technext.github.io/deskapp2/src/plugins/datatables/js/dataTables.bootstrap4.min.js]
[technext.github.io/deskapp2/vendors/scripts/core.js]
[technext.github.io/deskapp2/src/plugins/datatables/js/dataTables.responsive.min.js]
[technext.github.io/deskapp2/src/plugins/datatables/js/responsive.bootstrap4.min.js]
[technext.github.io/deskapp2/vendors/scripts/dashboard.js]
[technext.github.io/deskapp2/index.html]
[technext.github.io/deskapp2/vendors/styles/mCSB_buttons.png]
[technext.github.io/deskapp2/vendors/styles/core.css]
[technext.github.io/deskapp2/vendors/fonts/dropways4412.eot]
[technext.github.io/deskapp2/vendors/fonts/dropways4412.woff]
[technext.github.io/deskapp2/vendors/fonts/dropways4412.ttf]
[technext.github.io/deskapp2/vendors/fonts/dropways4412.svg]
[technext.github.io/deskapp2/vendors/fonts/fontawesome-webfont3e6e.eot]
[technext.github.io/deskapp2/vendors/fonts/fontawesome-webfont3e6e.woff2]
[technext.github.io/deskapp2/vendors/fonts/fontawesome-webfontd41d.eot]
[technext.github.io/deskapp2/vendors/fonts/fontawesome-webfont3e6e.woff]
[technext.github.io/deskapp2/vendors/fonts/fontawesome-webfont3e6e.ttf]
[technext.github.io/deskapp2/vendors/fonts/fontawesome-webfont3e6e.svg]
[technext.github.io/deskapp2/vendors/fonts/foundation-icons.eot]
[technext.github.io/deskapp2/vendors/fonts/foundation-iconsd41d.eot]
[technext.github.io/deskapp2/vendors/fonts/foundation-icons.woff]
[technext.github.io/deskapp2/vendors/fonts/foundation-icons.ttf]
[technext.github.io/deskapp2/vendors/fonts/foundation-icons.svg]
[technext.github.io/deskapp2/vendors/fonts/ionicons790f.eot]
[technext.github.io/deskapp2/vendors/fonts/ionicons790f.woff]
[technext.github.io/deskapp2/vendors/fonts/ionicons790f.ttf]
[technext.github.io/deskapp2/vendors/fonts/ionicons790f.svg]
[technext.github.io/deskapp2/vendors/fonts/themify9f24.eot]
[technext.github.io/deskapp2/vendors/fonts/themifyd41d.eot]
[technext.github.io/deskapp2/vendors/fonts/themify9f24.woff]
[technext.github.io/deskapp2/vendors/fonts/themify9f24.ttf]
[technext.github.io/deskapp2/vendors/styles/icon-font.min.css]
[technext.github.io/deskapp2/src/plugins/datatables/css/dataTables.bootstrap4.min.css]
[technext.github.io/deskapp2/src/plugins/datatables/css/responsive.bootstrap4.min.css]
[technext.github.io/deskapp2/vendors/fonts/themify9f24.svg]
[technext.github.io/deskapp2/vendors/images/wave.png]
[technext.github.io/deskapp2/vendors/images/check-mark-green.png]
[technext.github.io/deskapp2/vendors/images/caution-sign.png]
[technext.github.io/deskapp2/vendors/images/cross.png]
[technext.github.io/deskapp2/vendors/images/check-mark.png]
[technext.github.io/deskapp2/vendors/images/tick.svg]
[technext.github.io/deskapp2/vendors/styles/style.css]
[technext.github.io/deskapp2/vendors/images/deskapp-logo.svg]
[technext.github.io/deskapp2/src/plugins/cropperjs/dist/cropper.css]
[technext.github.io/deskapp2/modal]
[technext.github.io/deskapp2/task-add]
[technext.github.io/deskapp2/profile.html]
[technext.github.io/deskapp2/faq.html]
[technext.github.io/deskapp2/src/plugins/cropperjs/dist/cropper.js]
[technext.github.io/deskapp2/register.html]
[technext.github.io/deskapp2/vendors/images/login-page-img.png]
[technext.github.io/deskapp2/vendors/images/briefcase.svg]
[technext.github.io/deskapp2/vendors/images/person.svg]
[technext.github.io/deskapp2/login.html]
[technext.github.io/deskapp2/vendors/images/github.svg]
[technext.github.io/deskapp2/vendors/images/deskapp-logo-white.svg]
[technext.github.io/deskapp2/src/plugins/jvectormap/jquery-jvectormap-2.0.3.css]
[technext.github.io/deskapp2/vendors/images/chrome.png]
[technext.github.io/deskapp2/vendors/images/firefox.png]
[technext.github.io/deskapp2/vendors/images/safari.png]
[technext.github.io/deskapp2/vendors/images/edge.png]
[technext.github.io/deskapp2/vendors/images/opera.png]
[technext.github.io/deskapp2/src/plugins/jQuery-Knob-master/jquery.knob.min.js]
[technext.github.io/deskapp2/src/plugins/highcharts-6.0.7/code/highcharts.js]
[technext.github.io/deskapp2/src/plugins/highcharts-6.0.7/code/highcharts-more.js]
[technext.github.io/deskapp2/src/plugins/jvectormap/jquery-jvectormap-2.0.3.min.js]
[technext.github.io/deskapp2/vendors/scripts/dashboard2.js]
[technext.github.io/deskapp2/index2.html]
[technext.github.io/deskapp2/form-basic.html]
[technext.github.io/deskapp2/src/plugins/jvectormap/jquery-jvectormap-world-mill-en.js]
[technext.github.io/deskapp2/src/plugins/switchery/switchery.min.css]
[technext.github.io/deskapp2/src/plugins/bootstrap-tagsinput/bootstrap-tagsinput.css]
[technext.github.io/deskapp2/src/plugins/bootstrap-touchspin/jquery.bootstrap-touchspin.css]
[technext.github.io/deskapp2/src/plugins/switchery/switchery.min.js]
[technext.github.io/deskapp2/src/plugins/bootstrap-tagsinput/bootstrap-tagsinput.js]
[technext.github.io/deskapp2/src/plugins/bootstrap-touchspin/jquery.bootstrap-touchspin.js]
[technext.github.io/deskapp2/vendors/scripts/advanced-components.js]
[technext.github.io/deskapp2/advanced-components.html]
[technext.github.io/deskapp2/src/plugins/jquery-steps/jquery.steps.css]
[technext.github.io/deskapp2/vendors/images/success.png]
[technext.github.io/deskapp2/src/plugins/jquery-steps/jquery.steps.js]
[technext.github.io/deskapp2/vendors/scripts/steps-setting.js]
[technext.github.io/deskapp2/form-wizard.html]
[technext.github.io/deskapp2/html5-editor.html]
[technext.github.io/deskapp2/src/plugins/jquery-asColorPicker/dist/css/asColorPicker.css]
[technext.github.io/deskapp2/src/plugins/jquery-asColor/dist/jquery-asColor.js]
[technext.github.io/deskapp2/src/plugins/jquery-asGradient/dist/jquery-asGradient.js]
[technext.github.io/deskapp2/src/plugins/jquery-asColorPicker/jquery-asColorPicker.js]
[technext.github.io/deskapp2/vendors/scripts/colorpicker.js]
[technext.github.io/deskapp2/form-pickers.html]
[technext.github.io/deskapp2/vendors/images/img3.jpg]
[technext.github.io/deskapp2/cropped.jpg]
[technext.github.io/deskapp2/src/plugins/cropperjs/dist/cropper-init.js]
[technext.github.io/deskapp2/image-cropper.html]
[technext.github.io/deskapp2/src/plugins/dropzone/src/dropzone.css]
[technext.github.io/deskapp2/image-dropzone.html]
[technext.github.io/deskapp2/basic-table.html]
[technext.github.io/deskapp2/src/plugins/dropzone/src/dropzone.js]
[technext.github.io/deskapp2/src/plugins/datatables/js/dataTables.buttons.min.js]
[technext.github.io/deskapp2/src/plugins/datatables/js/buttons.bootstrap4.min.js]
[technext.github.io/deskapp2/src/plugins/datatables/js/buttons.print.min.js]
[technext.github.io/deskapp2/src/plugins/datatables/js/buttons.html5.min.js]
[technext.github.io/deskapp2/src/plugins/datatables/js/buttons.flash.min.js]
[technext.github.io/deskapp2/vendors/scripts/datatable-setting.js]
[technext.github.io/deskapp2/datatable.html]
[technext.github.io/deskapp2/src/plugins/fullcalendar/fullcalendar.css]
[technext.github.io/deskapp2/src/plugins/fullcalendar/fullcalendar.min.js]
[technext.github.io/deskapp2/vendors/scripts/calendar-setting.js]
[technext.github.io/deskapp2/calendar.html]
[technext.github.io/deskapp2/ui-buttons.html]
[technext.github.io/deskapp2/src/plugins/datatables/js/pdfmake.min.js]
[technext.github.io/deskapp2/vendors/images/img2.jpg]
[technext.github.io/deskapp2/vendors/images/img1.jpg]
[technext.github.io/deskapp2/vendors/images/img4.jpg]
[technext.github.io/deskapp2/src/plugins/datatables/js/vfs_fonts.js]
[technext.github.io/deskapp2/vendors/images/img5.jpg]
[technext.github.io/deskapp2/ui-cards.html]
[technext.github.io/deskapp2/ui-cards-hover.html]
[technext.github.io/deskapp2/vendors/images/modal-img1.jpg]
[technext.github.io/deskapp2/vendors/images/modal-img2.jpg]
[technext.github.io/deskapp2/vendors/images/modal-img3.jpg]
[technext.github.io/deskapp2/ui-modals.html]
[technext.github.io/deskapp2/ui-tabs.html]
[technext.github.io/deskapp2/ui-tooltip-popover.html]
[technext.github.io/deskapp2/src/plugins/sweetalert2/sweetalert2.css]
[technext.github.io/deskapp2/src/plugins/sweetalert2/sweetalert2.all.js]
[technext.github.io/deskapp2/src/plugins/sweetalert2/sweet-alert.init.js]
[technext.github.io/deskapp2/ui-sweet-alert.html]
[technext.github.io/deskapp2/ui-notification.html]
[technext.github.io/deskapp2/ui-timeline.html]
[technext.github.io/deskapp2/ui-progressbar.html]
[technext.github.io/deskapp2/ui-typography.html]
[technext.github.io/deskapp2/ui-list-group.html]
[technext.github.io/deskapp2/src/plugins/ion-rangeslider/css/ion.rangeSlider.css]
[technext.github.io/deskapp2/src/plugins/ion-rangeslider/js/ion.rangeSlider.min.js]
[technext.github.io/deskapp2/vendors/scripts/range-slider-setting.js]
[technext.github.io/deskapp2/ui-range-slider.html]
[technext.github.io/deskapp2/ui-carousel.html]
[technext.github.io/deskapp2/ils]
[technext.github.io/deskapp2/font-awesome.html]
[technext.github.io/deskapp2/foundation.html]
[technext.github.io/deskapp2/ionicons.html]
[technext.github.io/deskapp2/themify.html]
[technext.github.io/deskapp2/custom-icon.html]
[code.highcharts.com/highcharts-3d.bf.delayed]
[technext.github.io/deskapp2/vendors/scripts/highchart-setting.js]
[technext.github.io/deskapp2/highchart.html]
[technext.github.io/deskapp2/vendors/scripts/knob-chart-setting.js]
[technext.github.io/deskapp2/knob-chart.html]
[technext.github.io/deskapp2/vendors/scripts/jvectormap-setting.js]
[technext.github.io/deskapp2/jvectormap.html]
[technext.github.io/deskapp2/vendors/scripts/apexcharts-setting.js]
[technext.github.io/deskapp2/apexcharts.html]
[technext.github.io/deskapp2/src/plugins/plyr/dist/plyr.css]
[cdn.plyr.io/static/demo/View_From_A_Blue_Moon_Trailer-HD6654.jpg]
[technext.github.io/deskapp2/src/plugins/plyr/dist/plyr.js]
[technext.github.io/deskapp2/video-player.html]
[cdn.shr.one/1.0.1/shr.js]
[technext.github.io/deskapp2/vendors/images/forgot-password.png]
[technext.github.io/deskapp2/forgot-password.html]
[technext.github.io/deskapp2/reset-password.html]
[technext.github.io/deskapp2/400.html]
[technext.github.io/deskapp2/403.html]
[technext.github.io/deskapp2/404.html]
[technext.github.io/deskapp2/500.html]
[technext.github.io/deskapp2/503.html]
[technext.github.io/deskapp2/blank.html]
[technext.github.io/deskapp2/contact-directory.html]
[technext.github.io/deskapp2/blog.html]
[technext.github.io/deskapp2/blog-detail.html]
[technext.github.io/deskapp2/vendors/images/product-img1.jpg]
[technext.github.io/deskapp2/vendors/images/product-img2.jpg]
[technext.github.io/deskapp2/vendors/images/product-img3.jpg]
[technext.github.io/deskapp2/vendors/images/product-img4.jpg]
[technext.github.io/deskapp2/product.html]
[technext.github.io/deskapp2/src/plugins/slick/slick.css]
[technext.github.io/deskapp2/product-detail.html]
[technext.github.io/deskapp2/src/plugins/slick/slick.min.js]
[technext.github.io/deskapp2/src/plugins/fancybox/dist/jquery.fancybox.css]
[technext.github.io/deskapp2/gallery.html]
[technext.github.io/deskapp2/src/plugins/fancybox/dist/jquery.fancybox.js]
[technext.github.io/deskapp2/vendors/images/icon-Cash.png]
[technext.github.io/deskapp2/vendors/images/icon-debit.png]
[technext.github.io/deskapp2/vendors/images/icon-online-wallet.png]
[technext.github.io/deskapp2/pricing-table.html]
[technext.github.io/deskapp2/sitemap.html]
[technext.github.io/deskapp2/vendors/images/profile-photo.jpg]
[technext.github.io/deskapp2/vendors/images/chat-img2.jpg]
[technext.github.io/deskapp2/vendors/images/chat-img1.jpg]
[technext.github.io/deskapp2/vendors/images/upload-file-img.jpg]
[technext.github.io/deskapp2/chat.html]
[technext.github.io/deskapp2/vendors/images/deskapp-logo.png]
[technext.github.io/deskapp2/invoice.html]
[technext.github.io/deskapp2/introduction.html]
[technext.github.io/deskapp2/getting-started.html]
[technext.github.io/deskapp2/vendors/images/layout/sidebar-dark.png]
[technext.github.io/deskapp2/vendors/images/layout/sidebar-white.png]
[technext.github.io/deskapp2/vendors/images/layout/header-white.png]
[technext.github.io/deskapp2/vendors/images/layout/header-dark.png]
[technext.github.io/deskapp2/color-settings.html]
[technext.github.io/deskapp2/third-party-plugins.html]
[technext.github.io/deskapp2/vendors/styles/mCSB_buttons.html]
[technext.github.io/deskapp2/vendors/fonts/dropways4412.svg]
[technext.github.io/deskapp2/vendors/fonts/fontawesome-webfont3e6e.svg]
[technext.github.io/deskapp2/vendors/fonts/foundation-icons.svg]
[technext.github.io/deskapp2/vendors/fonts/ionicons790f.svg]
[technext.github.io/deskapp2/vendors/fonts/themify9f24.svg]
[technext.github.io/deskapp2/vendors/images/tick.svg]
[technext.github.io/deskapp2/src/plugins/cropperjs/dist/cropper.css]
[technext.github.io/deskapp2/modal.html]
[technext.github.io/deskapp2/task-add.html]
[technext.github.io/deskapp2/vendors/images/register-page-img.png]
[technext.github.io/deskapp2/register.html]
[technext.github.io/deskapp2/vendors/images/briefcase.svg]
[technext.github.io/deskapp2/vendors/images/person.svg]
[technext.github.io/deskapp2/src/plugins/jvectormap/jquery-jvectormap-2.0.3.css]
[technext.github.io/deskapp2/src/plugins/switchery/switchery.min.css]
[technext.github.io/deskapp2/src/plugins/bootstrap-tagsinput/bootstrap-tagsinput.css]
[technext.github.io/deskapp2/src/plugins/bootstrap-touchspin/jquery.bootstrap-touchspin.css]
[technext.github.io/deskapp2/src/plugins/jquery-steps/jquery.steps.css]
[technext.github.io/deskapp2/src/plugins/jquery-asColorPicker/dist/images/transparent.png]
[technext.github.io/deskapp2/src/plugins/jquery-asColorPicker/dist/images/saturation.png]
[technext.github.io/deskapp2/src/plugins/jquery-asColorPicker/dist/images/hue.png]
[technext.github.io/deskapp2/src/plugins/jquery-asColorPicker/dist/images/alpha.png]
[technext.github.io/deskapp2/src/plugins/jquery-asColorPicker/dist/css/asColorPicker.css]
[technext.github.io/deskapp2/cropped.html]
[technext.github.io/deskapp2/src/plugins/dropzone/src/dropzone.css]
[technext.github.io/deskapp2/src/plugins/fullcalendar/fullcalendar.css]
[technext.github.io/deskapp2/src/plugins/sweetalert2/sweetalert2.css]
[technext.github.io/deskapp2/src/plugins/ion-rangeslider/css/ion.rangeSlider.css]
[technext.github.io/deskapp2/ils.html]
[code.highcharts.com/highcharts-3d.html]
[technext.github.io/deskapp2/src/plugins/plyr/dist/plyr.css]
[technext.github.io/deskapp2/src/plugins/slick/slick.css]
[technext.github.io/deskapp2/src/plugins/fancybox/dist/jquery.fancybox.css]
[technext.github.io/deskapp2/vendors/images/deskapp-logo.html]
